
attach('src/suciu_ribbon_knots.sage')
sage: Test=G_quotient_by_relation(4, c^3)
sage: Test
Finitely presented group < t_k, c, d | d^-1*t_k*(c*d^-1)^3*t_k*(d*c^-1)^3*t_k^-1, c^-1*t_k*c*d^-1*t_k^-1*d*t_k*d*c^-1*t_k^-1, c^3 >
sage: Test.order()
#I  Coset table calculation failed -- trying with bigger table limit
#I  Coset table calculation failed -- trying with bigger table limit
#I  Coset table calculation failed -- trying with bigger table limit
#I  Coset table calculation failed -- trying with bigger table limit
#I  Coset table calculation failed -- trying with bigger table limit
#I  Coset table calculation failed -- trying with bigger table limit
#I  Coset table calculation failed -- trying with bigger table limit
#I  Coset table calculation failed -- trying with bigger table limit
GAPError: Error, reached the pre-set memory limit

# # # # # # # # # # # # # #
# # # # # # # # # # # # # #

sage: Test=G_quotient_by_relation(4, c^4)
sage: Test
Finitely presented group < t_k, c, d | d^-1*t_k*c*d^-1*c*d^-1*c*d^-1*t_k*d*c^-1*d*c^-1*d*c^-1*t_k^-1, c^-1*t_k*c*d^-1*t_k^-1*d*t_k*d*c^-1*t_k^-1, c^4 >                                                           
sage: Test.order()
GAPError: Error, reached the pre-set memory limit

# # # # # # # # # # # # # #
# # # # # # # # # # # # # #

sage: Test=G_quotient_by_relation(4, c^5)
sage: Test
Finitely presented group < t_k, c, d | d^-1*t_k*c*d^-1*c*d^-1*c*d^-1*t_k*d*c^-1*d*c^-1*d*c^-1*t_k^-1, c^-1*t_k*c*d^-1*t_k^-1*d*t_k*d*c^-1*t_k^-1, c^5 >
sage: Test.order()
#I  Coset table calculation failed -- trying with bigger table limit
GAPError: Error, reached the pre-set memory limit

# # # # # # # # # # # # # #
# # # # # # # # # # # # # #

sage: Test=G_quotient_by_relation(4, c^6)
sage: Test
Finitely presented group < t_k, c, d | d^-1*t_k*c*d^-1*c*d^-1*c*d^-1*t_k*d*c^-1*d*c^-1*d*c^-1*t_k^-1, c^-1*t_k*c*d^-1*t_k^-1*d*t_k*d*c^-1*t_k^-1, c^6 >
sage: Test.order()
#I  Coset table calculation failed -- trying with bigger table limit
GAPError: Error, reached the pre-set memory limit

# # # # # # # # # # # # # #
# # # # # # # # # # # # # #

Exiting Sage (CPU time 259m45.52s, Wall time 1423m52.53s).
[MPIM metis with set_gap_memory_pool_size(50000000000)]


